
> donorconnect@0.1.0 build
> prisma generate && next build

Environment variables loaded from .env
Prisma schema loaded from prisma\schema.prisma

✔ Generated Prisma Client (v5.22.0) to .\node_modules\@prisma\client in 86ms

Start by importing your Prisma Client (See: https://pris.ly/d/importing-client)

Tip: Want to turn off tips and other hints? https://pris.ly/tip-4-nohints

⚠ You are using a non-standard "NODE_ENV" value in your environment. This creates inconsistencies in the project and is strongly advised against. Read more: https://nextjs.org/docs/messages/non-standard-node-env
▲ Next.js 16.1.1 (Turbopack)
- Environments: .env

⚠ The "middleware" file convention is deprecated. Please use "proxy" instead. Learn more: https://nextjs.org/docs/messages/middleware-to-proxy
  Creating an optimized production build ...
✓ Compiled successfully in 4.5s
  Running TypeScript ...
  Collecting page data using 11 workers ...
  Generating static pages using 11 workers (0/22) ...
Each child in a list should have a unique "key" prop.

Check the top-level render call using <__next_viewport_boundary__>. See https://react.dev/link/warning-keys for more information.
Each child in a list should have a unique "key" prop.

Check the top-level render call using <html>. See https://react.dev/link/warning-keys for more information.
Each child in a list should have a unique "key" prop.

Check the top-level render call using <meta>. See https://react.dev/link/warning-keys for more information.
Each child in a list should have a unique "key" prop.

Check the top-level render call using <head>. See https://react.dev/link/warning-keys for more information.
Each child in a list should have a unique "key" prop.

Check the top-level render call using <__next_viewport_boundary__>. See https://react.dev/link/warning-keys for more information.
Each child in a list should have a unique "key" prop.

Check the top-level render call using <M>. See https://react.dev/link/warning-keys for more information.
Each child in a list should have a unique "key" prop.

Check the top-level render call using <meta>. See https://react.dev/link/warning-keys for more information.
Each child in a list should have a unique "key" prop.

Check the top-level render call using <head>. See https://react.dev/link/warning-keys for more information.
Each child in a list should have a unique "key" prop.

Check the top-level render call using <meta>. See https://react.dev/link/warning-keys for more information.
Each child in a list should have a unique "key" prop.

Check the top-level render call using <html>. See https://react.dev/link/warning-keys for more information.
Each child in a list should have a unique "key" prop.

Check the top-level render call using <meta>. See https://react.dev/link/warning-keys for more information.
Each child in a list should have a unique "key" prop.

Check the top-level render call using <head>. See https://react.dev/link/warning-keys for more information.
Each child in a list should have a unique "key" prop.

Check the top-level render call using <__next_viewport_boundary__>. See https://react.dev/link/warning-keys for more information.
Each child in a list should have a unique "key" prop.

Check the top-level render call using <html>. See https://react.dev/link/warning-keys for more information.
Each child in a list should have a unique "key" prop.

Check the top-level render call using <meta>. See https://react.dev/link/warning-keys for more information.
Each child in a list should have a unique "key" prop.

Check the top-level render call using <head>. See https://react.dev/link/warning-keys for more information.
Each child in a list should have a unique "key" prop.

Check the top-level render call using <__next_viewport_boundary__>. See https://react.dev/link/warning-keys for more information.
Each child in a list should have a unique "key" prop.

Check the top-level render call using <html>. See https://react.dev/link/warning-keys for more information.
Each child in a list should have a unique "key" prop.

Check the top-level render call using <meta>. See https://react.dev/link/warning-keys for more information.
Each child in a list should have a unique "key" prop.

Check the top-level render call using <head>. See https://react.dev/link/warning-keys for more information.
Each child in a list should have a unique "key" prop.

Check the top-level render call using <__next_viewport_boundary__>. See https://react.dev/link/warning-keys for more information.
Each child in a list should have a unique "key" prop.

Check the top-level render call using <html>. See https://react.dev/link/warning-keys for more information.
Each child in a list should have a unique "key" prop.

Check the top-level render call using <meta>. See https://react.dev/link/warning-keys for more information.
Each child in a list should have a unique "key" prop.

Check the top-level render call using <head>. See https://react.dev/link/warning-keys for more information.
Error occurred prerendering page "/about". Read more: https://nextjs.org/docs/messages/prerender-error
TypeError: Cannot read properties of null (reading 'useContext')
    at ignore-listed frames {
  digest: '3986992104'
}
Export encountered an error on /about/page: /about, exiting the build.
⨯ Next.js build worker exited with code: 1 and signal: null
